[2026-04-27 10:45:07] TO: pn0503982@gmail.com | SUBJECT: Xác nhận đơn hàng #19 — Mộc Trà
<!DOCTYPE html><html><head><meta charset="UTF-8"></head><body style="font-family:Arial,sans-serif;background:#f9fafb;padding:24px">
<div style="max-width:560px;margin:0 auto;background:#fff;border-radius:12px;overflow:hidden;box-shadow:0 2px 8px rgba(0,0,0,.08)">
  <div style="background:#166534;padding:24px 28px">
    <h1 style="color:#fff;margin:0;font-size:20px">Mộc Trà Thái Nguyên</h1>
    <p style="color:rgba(255,255,255,.8);margin:4px 0 0;font-size:14px">Xác nhận đơn hàng</p>
  </div>
  <div style="padding:24px 28px">
    <p style="color:#111827;font-size:15px">Xin chào <strong>saamindiee</strong>,</p>
    <p style="color:#374151;font-size:14px;line-height:1.6">Đơn hàng <strong>#19</strong> của bạn đã được tiếp nhận thành công. Chúng tôi sẽ xử lý và liên hệ với bạn sớm nhất.</p>
    <table style="width:100%;border-collapse:collapse;margin:16px 0">
      <thead><tr style="background:#f0fdf4">
        <th style="padding:10px 12px;text-align:left;font-size:13px;color:#166534">Sản phẩm</th>
        <th style="padding:10px 12px;text-align:center;font-size:13px;color:#166534">SL</th>
        <th style="padding:10px 12px;text-align:right;font-size:13px;color:#166534">Thành tiền</th>
      </tr></thead>
      <tbody><tr>
            <td style="padding:8px 12px;border-bottom:1px solid #f3f4f6">Trà Xanh Tân Cương Đặc Biệt</td>
            <td style="padding:8px 12px;border-bottom:1px solid #f3f4f6;text-align:center">60</td>
            <td style="padding:8px 12px;border-bottom:1px solid #f3f4f6;text-align:right">180.000đ</td>
        </tr><tr>
            <td style="padding:8px 12px;border-bottom:1px solid #f3f4f6">Trà Xanh Túi Lọc Tiện Lợi</td>
            <td style="padding:8px 12px;border-bottom:1px solid #f3f4f6;text-align:center">39</td>
            <td style="padding:8px 12px;border-bottom:1px solid #f3f4f6;text-align:right">95.000đ</td>
        </tr><tr>
            <td style="padding:8px 12px;border-bottom:1px solid #f3f4f6">Trà Đen Thái Nguyên Premium</td>
            <td style="padding:8px 12px;border-bottom:1px solid #f3f4f6;text-align:center">1</td>
            <td style="padding:8px 12px;border-bottom:1px solid #f3f4f6;text-align:right">150.000đ</td>
        </tr></tbody>
    </table>
    <p style="text-align:right;font-size:16px;font-weight:700;color:#dc2626">Tổng cộng: 14.655.000đ</p>
    <p style="color:#6b7280;font-size:13px;margin-top:24px">Cảm ơn bạn đã tin tưởng mua sắm tại Mộc Trà!</p>
  </div>
  <div style="background:#f9fafb;padding:14px 28px;font-size:12px;color:#9ca3af;border-top:1px solid #f3f4f6">
    © 2025 Mộc Trà Thái Nguyên. Bảo lưu mọi quyền.
  </div>
</div>
</body></html>
--------------------------------------------------------------------------------
[2026-04-27 10:46:15] TO: pn0503982@gmail.com | SUBJECT: Đơn hàng đang được xử lý — Đơn #19
<!DOCTYPE html><html><head><meta charset="UTF-8"></head><body style="font-family:Arial,sans-serif;background:#f9fafb;padding:24px">
<div style="max-width:560px;margin:0 auto;background:#fff;border-radius:12px;overflow:hidden;box-shadow:0 2px 8px rgba(0,0,0,.08)">
  <div style="background:#3b82f6;padding:24px 28px">
    <h1 style="color:#fff;margin:0;font-size:18px">Đơn hàng đang được xử lý</h1>
    <p style="color:rgba(255,255,255,.8);margin:4px 0 0;font-size:13px">Đơn hàng #19</p>
  </div>
  <div style="padding:24px 28px">
    <p style="color:#111827;font-size:15px">Xin chào <strong>saamindiee</strong>,</p>
    <p style="color:#374151;font-size:14px;line-height:1.6">Đơn hàng của bạn đang được chuẩn bị và đóng gói.</p>
    <p style="color:#6b7280;font-size:13px;margin-top:24px">Cảm ơn bạn đã tin tưởng mua sắm tại Mộc Trà!</p>
  </div>
  <div style="background:#f9fafb;padding:14px 28px;font-size:12px;color:#9ca3af;border-top:1px solid #f3f4f6">
    © 2025 Mộc Trà Thái Nguyên. Bảo lưu mọi quyền.
  </div>
</div>
</body></html>
--------------------------------------------------------------------------------
[2026-04-27 10:46:16] TO: pn0503982@gmail.com | SUBJECT: Đơn hàng đang được giao — Đơn #19
<!DOCTYPE html><html><head><meta charset="UTF-8"></head><body style="font-family:Arial,sans-serif;background:#f9fafb;padding:24px">
<div style="max-width:560px;margin:0 auto;background:#fff;border-radius:12px;overflow:hidden;box-shadow:0 2px 8px rgba(0,0,0,.08)">
  <div style="background:#8b5cf6;padding:24px 28px">
    <h1 style="color:#fff;margin:0;font-size:18px">Đơn hàng đang được giao</h1>
    <p style="color:rgba(255,255,255,.8);margin:4px 0 0;font-size:13px">Đơn hàng #19</p>
  </div>
  <div style="padding:24px 28px">
    <p style="color:#111827;font-size:15px">Xin chào <strong>saamindiee</strong>,</p>
    <p style="color:#374151;font-size:14px;line-height:1.6">Đơn hàng của bạn đã được bàn giao cho đơn vị vận chuyển.</p>
    <p style="color:#6b7280;font-size:13px;margin-top:24px">Cảm ơn bạn đã tin tưởng mua sắm tại Mộc Trà!</p>
  </div>
  <div style="background:#f9fafb;padding:14px 28px;font-size:12px;color:#9ca3af;border-top:1px solid #f3f4f6">
    © 2025 Mộc Trà Thái Nguyên. Bảo lưu mọi quyền.
  </div>
</div>
</body></html>
--------------------------------------------------------------------------------
[2026-04-27 10:46:18] TO: pn0503982@gmail.com | SUBJECT: Đơn hàng đã giao thành công — Đơn #19
<!DOCTYPE html><html><head><meta charset="UTF-8"></head><body style="font-family:Arial,sans-serif;background:#f9fafb;padding:24px">
<div style="max-width:560px;margin:0 auto;background:#fff;border-radius:12px;overflow:hidden;box-shadow:0 2px 8px rgba(0,0,0,.08)">
  <div style="background:#10b981;padding:24px 28px">
    <h1 style="color:#fff;margin:0;font-size:18px">Đơn hàng đã giao thành công</h1>
    <p style="color:rgba(255,255,255,.8);margin:4px 0 0;font-size:13px">Đơn hàng #19</p>
  </div>
  <div style="padding:24px 28px">
    <p style="color:#111827;font-size:15px">Xin chào <strong>saamindiee</strong>,</p>
    <p style="color:#374151;font-size:14px;line-height:1.6">Đơn hàng của bạn đã được giao. Cảm ơn bạn đã mua sắm!</p>
    <p style="color:#6b7280;font-size:13px;margin-top:24px">Cảm ơn bạn đã tin tưởng mua sắm tại Mộc Trà!</p>
  </div>
  <div style="background:#f9fafb;padding:14px 28px;font-size:12px;color:#9ca3af;border-top:1px solid #f3f4f6">
    © 2025 Mộc Trà Thái Nguyên. Bảo lưu mọi quyền.
  </div>
</div>
</body></html>
--------------------------------------------------------------------------------
[2026-04-27 12:36:29] TO: pn0503982@gmail.com | SUBJECT: Xác nhận đơn hàng #20 — Mộc Trà
<!DOCTYPE html><html><head><meta charset="UTF-8"></head><body style="font-family:Arial,sans-serif;background:#f9fafb;padding:24px">
<div style="max-width:560px;margin:0 auto;background:#fff;border-radius:12px;overflow:hidden;box-shadow:0 2px 8px rgba(0,0,0,.08)">
  <div style="background:#166534;padding:24px 28px">
    <h1 style="color:#fff;margin:0;font-size:20px">Mộc Trà Thái Nguyên</h1>
    <p style="color:rgba(255,255,255,.8);margin:4px 0 0;font-size:14px">Xác nhận đơn hàng</p>
  </div>
  <div style="padding:24px 28px">
    <p style="color:#111827;font-size:15px">Xin chào <strong>saamindiee</strong>,</p>
    <p style="color:#374151;font-size:14px;line-height:1.6">Đơn hàng <strong>#20</strong> của bạn đã được tiếp nhận thành công. Chúng tôi sẽ xử lý và liên hệ với bạn sớm nhất.</p>
    <table style="width:100%;border-collapse:collapse;margin:16px 0">
      <thead><tr style="background:#f0fdf4">
        <th style="padding:10px 12px;text-align:left;font-size:13px;color:#166534">Sản phẩm</th>
        <th style="padding:10px 12px;text-align:center;font-size:13px;color:#166534">SL</th>
        <th style="padding:10px 12px;text-align:right;font-size:13px;color:#166534">Thành tiền</th>
      </tr></thead>
      <tbody><tr>
            <td style="padding:8px 12px;border-bottom:1px solid #f3f4f6">Trà Đen Thái Nguyên Premium</td>
            <td style="padding:8px 12px;border-bottom:1px solid #f3f4f6;text-align:center">2</td>
            <td style="padding:8px 12px;border-bottom:1px solid #f3f4f6;text-align:right">150.000đ</td>
        </tr></tbody>
    </table>
    <p style="text-align:right;font-size:16px;font-weight:700;color:#dc2626">Tổng cộng: 240.000đ</p>
    <p style="color:#6b7280;font-size:13px;margin-top:24px">Cảm ơn bạn đã tin tưởng mua sắm tại Mộc Trà!</p>
  </div>
  <div style="background:#f9fafb;padding:14px 28px;font-size:12px;color:#9ca3af;border-top:1px solid #f3f4f6">
    © 2025 Mộc Trà Thái Nguyên. Bảo lưu mọi quyền.
  </div>
</div>
</body></html>
--------------------------------------------------------------------------------
[2026-04-27 13:24:53] TO: pn0503982@gmail.com | SUBJECT: Đơn hàng đang được xử lý — Đơn #20
<!DOCTYPE html><html><head><meta charset="UTF-8"></head><body style="font-family:Arial,sans-serif;background:#f9fafb;padding:24px">
<div style="max-width:560px;margin:0 auto;background:#fff;border-radius:12px;overflow:hidden;box-shadow:0 2px 8px rgba(0,0,0,.08)">
  <div style="background:#3b82f6;padding:24px 28px">
    <h1 style="color:#fff;margin:0;font-size:18px">Đơn hàng đang được xử lý</h1>
    <p style="color:rgba(255,255,255,.8);margin:4px 0 0;font-size:13px">Đơn hàng #20</p>
  </div>
  <div style="padding:24px 28px">
    <p style="color:#111827;font-size:15px">Xin chào <strong>saamindiee</strong>,</p>
    <p style="color:#374151;font-size:14px;line-height:1.6">Đơn hàng của bạn đang được chuẩn bị và đóng gói.</p>
    <p style="color:#6b7280;font-size:13px;margin-top:24px">Cảm ơn bạn đã tin tưởng mua sắm tại Mộc Trà!</p>
  </div>
  <div style="background:#f9fafb;padding:14px 28px;font-size:12px;color:#9ca3af;border-top:1px solid #f3f4f6">
    © 2025 Mộc Trà Thái Nguyên. Bảo lưu mọi quyền.
  </div>
</div>
</body></html>
--------------------------------------------------------------------------------
[2026-04-27 13:24:54] TO: pn0503982@gmail.com | SUBJECT: Đơn hàng đang được giao — Đơn #20
<!DOCTYPE html><html><head><meta charset="UTF-8"></head><body style="font-family:Arial,sans-serif;background:#f9fafb;padding:24px">
<div style="max-width:560px;margin:0 auto;background:#fff;border-radius:12px;overflow:hidden;box-shadow:0 2px 8px rgba(0,0,0,.08)">
  <div style="background:#8b5cf6;padding:24px 28px">
    <h1 style="color:#fff;margin:0;font-size:18px">Đơn hàng đang được giao</h1>
    <p style="color:rgba(255,255,255,.8);margin:4px 0 0;font-size:13px">Đơn hàng #20</p>
  </div>
  <div style="padding:24px 28px">
    <p style="color:#111827;font-size:15px">Xin chào <strong>saamindiee</strong>,</p>
    <p style="color:#374151;font-size:14px;line-height:1.6">Đơn hàng của bạn đã được bàn giao cho đơn vị vận chuyển.</p>
    <p style="color:#6b7280;font-size:13px;margin-top:24px">Cảm ơn bạn đã tin tưởng mua sắm tại Mộc Trà!</p>
  </div>
  <div style="background:#f9fafb;padding:14px 28px;font-size:12px;color:#9ca3af;border-top:1px solid #f3f4f6">
    © 2025 Mộc Trà Thái Nguyên. Bảo lưu mọi quyền.
  </div>
</div>
</body></html>
--------------------------------------------------------------------------------
[2026-04-27 13:24:54] TO: pn0503982@gmail.com | SUBJECT: Đơn hàng đã giao thành công — Đơn #20
<!DOCTYPE html><html><head><meta charset="UTF-8"></head><body style="font-family:Arial,sans-serif;background:#f9fafb;padding:24px">
<div style="max-width:560px;margin:0 auto;background:#fff;border-radius:12px;overflow:hidden;box-shadow:0 2px 8px rgba(0,0,0,.08)">
  <div style="background:#10b981;padding:24px 28px">
    <h1 style="color:#fff;margin:0;font-size:18px">Đơn hàng đã giao thành công</h1>
    <p style="color:rgba(255,255,255,.8);margin:4px 0 0;font-size:13px">Đơn hàng #20</p>
  </div>
  <div style="padding:24px 28px">
    <p style="color:#111827;font-size:15px">Xin chào <strong>saamindiee</strong>,</p>
    <p style="color:#374151;font-size:14px;line-height:1.6">Đơn hàng của bạn đã được giao. Cảm ơn bạn đã mua sắm!</p>
    <p style="color:#6b7280;font-size:13px;margin-top:24px">Cảm ơn bạn đã tin tưởng mua sắm tại Mộc Trà!</p>
  </div>
  <div style="background:#f9fafb;padding:14px 28px;font-size:12px;color:#9ca3af;border-top:1px solid #f3f4f6">
    © 2025 Mộc Trà Thái Nguyên. Bảo lưu mọi quyền.
  </div>
</div>
</body></html>
--------------------------------------------------------------------------------
