[2026-04-30 12:13:54] TO: pn0503982@gmail.com | SUBJECT: Xác nhận đơn hàng #21 — Mộc Trà
<!DOCTYPE html><html><head><meta charset="UTF-8"></head><body style="font-family:Arial,sans-serif;background:#f9fafb;padding:24px">
<div style="max-width:560px;margin:0 auto;background:#fff;border-radius:12px;overflow:hidden;box-shadow:0 2px 8px rgba(0,0,0,.08)">
  <div style="background:#166534;padding:24px 28px">
    <h1 style="color:#fff;margin:0;font-size:20px">Mộc Trà Thái Nguyên</h1>
    <p style="color:rgba(255,255,255,.8);margin:4px 0 0;font-size:14px">Xác nhận đơn hàng</p>
  </div>
  <div style="padding:24px 28px">
    <p style="color:#111827;font-size:15px">Xin chào <strong>saamindiee</strong>,</p>
    <p style="color:#374151;font-size:14px;line-height:1.6">Đơn hàng <strong>#21</strong> của bạn đã được tiếp nhận thành công. Chúng tôi sẽ xử lý và liên hệ với bạn sớm nhất.</p>
    <table style="width:100%;border-collapse:collapse;margin:16px 0">
      <thead><tr style="background:#f0fdf4">
        <th style="padding:10px 12px;text-align:left;font-size:13px;color:#166534">Sản phẩm</th>
        <th style="padding:10px 12px;text-align:center;font-size:13px;color:#166534">SL</th>
        <th style="padding:10px 12px;text-align:right;font-size:13px;color:#166534">Thành tiền</th>
      </tr></thead>
      <tbody><tr>
            <td style="padding:8px 12px;border-bottom:1px solid #f3f4f6">Trà Sen Tây Hồ</td>
            <td style="padding:8px 12px;border-bottom:1px solid #f3f4f6;text-align:center">1</td>
            <td style="padding:8px 12px;border-bottom:1px solid #f3f4f6;text-align:right">299.000đ</td>
        </tr></tbody>
    </table>
    <p style="text-align:right;font-size:16px;font-weight:700;color:#dc2626">Tổng cộng: 261.200đ</p>
    <p style="color:#6b7280;font-size:13px;margin-top:24px">Cảm ơn bạn đã tin tưởng mua sắm tại Mộc Trà!</p>
  </div>
  <div style="background:#f9fafb;padding:14px 28px;font-size:12px;color:#9ca3af;border-top:1px solid #f3f4f6">
    © 2025 Mộc Trà Thái Nguyên. Bảo lưu mọi quyền.
  </div>
</div>
</body></html>
--------------------------------------------------------------------------------
