[2026-04-26 07:00:53] TO: pn0503982@gmail.com | SUBJECT: Xác nhận đơn hàng #9 — Mộc Trà
<!DOCTYPE html><html><head><meta charset="UTF-8"></head><body style="font-family:Arial,sans-serif;background:#f9fafb;padding:24px">
<div style="max-width:560px;margin:0 auto;background:#fff;border-radius:12px;overflow:hidden;box-shadow:0 2px 8px rgba(0,0,0,.08)">
  <div style="background:#166534;padding:24px 28px">
    <h1 style="color:#fff;margin:0;font-size:20px">Mộc Trà Thái Nguyên</h1>
    <p style="color:rgba(255,255,255,.8);margin:4px 0 0;font-size:14px">Xác nhận đơn hàng</p>
  </div>
  <div style="padding:24px 28px">
    <p style="color:#111827;font-size:15px">Xin chào <strong>saamindiee</strong>,</p>
    <p style="color:#374151;font-size:14px;line-height:1.6">Đơn hàng <strong>#9</strong> của bạn đã được tiếp nhận thành công. Chúng tôi sẽ xử lý và liên hệ với bạn sớm nhất.</p>
    <table style="width:100%;border-collapse:collapse;margin:16px 0">
      <thead><tr style="background:#f0fdf4">
        <th style="padding:10px 12px;text-align:left;font-size:13px;color:#166534">Sản phẩm</th>
        <th style="padding:10px 12px;text-align:center;font-size:13px;color:#166534">SL</th>
        <th style="padding:10px 12px;text-align:right;font-size:13px;color:#166534">Thành tiền</th>
      </tr></thead>
      <tbody><tr>
            <td style="padding:8px 12px;border-bottom:1px solid #f3f4f6">Trà Móc Câu Thái Nguyên</td>
            <td style="padding:8px 12px;border-bottom:1px solid #f3f4f6;text-align:center">1</td>
            <td style="padding:8px 12px;border-bottom:1px solid #f3f4f6;text-align:right">120.000đ</td>
        </tr><tr>
            <td style="padding:8px 12px;border-bottom:1px solid #f3f4f6">Trà Xanh Túi Lọc Tiện Lợi</td>
            <td style="padding:8px 12px;border-bottom:1px solid #f3f4f6;text-align:center">9</td>
            <td style="padding:8px 12px;border-bottom:1px solid #f3f4f6;text-align:right">95.000đ</td>
        </tr><tr>
            <td style="padding:8px 12px;border-bottom:1px solid #f3f4f6">Trà Đen Thái Nguyên Premium</td>
            <td style="padding:8px 12px;border-bottom:1px solid #f3f4f6;text-align:center">1</td>
            <td style="padding:8px 12px;border-bottom:1px solid #f3f4f6;text-align:right">150.000đ</td>
        </tr></tbody>
    </table>
    <p style="text-align:right;font-size:16px;font-weight:700;color:#dc2626">Tổng cộng: 1.125.000đ</p>
    <p style="color:#6b7280;font-size:13px;margin-top:24px">Cảm ơn bạn đã tin tưởng mua sắm tại Mộc Trà!</p>
  </div>
  <div style="background:#f9fafb;padding:14px 28px;font-size:12px;color:#9ca3af;border-top:1px solid #f3f4f6">
    © 2025 Mộc Trà Thái Nguyên. Bảo lưu mọi quyền.
  </div>
</div>
</body></html>
--------------------------------------------------------------------------------
[2026-04-26 07:04:18] TO: pn0503982@gmail.com | SUBJECT: Xác nhận đơn hàng #10 — Mộc Trà
<!DOCTYPE html><html><head><meta charset="UTF-8"></head><body style="font-family:Arial,sans-serif;background:#f9fafb;padding:24px">
<div style="max-width:560px;margin:0 auto;background:#fff;border-radius:12px;overflow:hidden;box-shadow:0 2px 8px rgba(0,0,0,.08)">
  <div style="background:#166534;padding:24px 28px">
    <h1 style="color:#fff;margin:0;font-size:20px">Mộc Trà Thái Nguyên</h1>
    <p style="color:rgba(255,255,255,.8);margin:4px 0 0;font-size:14px">Xác nhận đơn hàng</p>
  </div>
  <div style="padding:24px 28px">
    <p style="color:#111827;font-size:15px">Xin chào <strong>saamindiee</strong>,</p>
    <p style="color:#374151;font-size:14px;line-height:1.6">Đơn hàng <strong>#10</strong> của bạn đã được tiếp nhận thành công. Chúng tôi sẽ xử lý và liên hệ với bạn sớm nhất.</p>
    <table style="width:100%;border-collapse:collapse;margin:16px 0">
      <thead><tr style="background:#f0fdf4">
        <th style="padding:10px 12px;text-align:left;font-size:13px;color:#166534">Sản phẩm</th>
        <th style="padding:10px 12px;text-align:center;font-size:13px;color:#166534">SL</th>
        <th style="padding:10px 12px;text-align:right;font-size:13px;color:#166534">Thành tiền</th>
      </tr></thead>
      <tbody><tr>
            <td style="padding:8px 12px;border-bottom:1px solid #f3f4f6">Trà Đen Thái Nguyên Premium</td>
            <td style="padding:8px 12px;border-bottom:1px solid #f3f4f6;text-align:center">2</td>
            <td style="padding:8px 12px;border-bottom:1px solid #f3f4f6;text-align:right">150.000đ</td>
        </tr></tbody>
    </table>
    <p style="text-align:right;font-size:16px;font-weight:700;color:#dc2626">Tổng cộng: 300.000đ</p>
    <p style="color:#6b7280;font-size:13px;margin-top:24px">Cảm ơn bạn đã tin tưởng mua sắm tại Mộc Trà!</p>
  </div>
  <div style="background:#f9fafb;padding:14px 28px;font-size:12px;color:#9ca3af;border-top:1px solid #f3f4f6">
    © 2025 Mộc Trà Thái Nguyên. Bảo lưu mọi quyền.
  </div>
</div>
</body></html>
--------------------------------------------------------------------------------
[2026-04-26 07:05:04] TO: pn0503982@gmail.com | SUBJECT: Đơn hàng đang được xử lý — Đơn #10
<!DOCTYPE html><html><head><meta charset="UTF-8"></head><body style="font-family:Arial,sans-serif;background:#f9fafb;padding:24px">
<div style="max-width:560px;margin:0 auto;background:#fff;border-radius:12px;overflow:hidden;box-shadow:0 2px 8px rgba(0,0,0,.08)">
  <div style="background:#3b82f6;padding:24px 28px">
    <h1 style="color:#fff;margin:0;font-size:18px">Đơn hàng đang được xử lý</h1>
    <p style="color:rgba(255,255,255,.8);margin:4px 0 0;font-size:13px">Đơn hàng #10</p>
  </div>
  <div style="padding:24px 28px">
    <p style="color:#111827;font-size:15px">Xin chào <strong>saamindiee</strong>,</p>
    <p style="color:#374151;font-size:14px;line-height:1.6">Đơn hàng của bạn đang được chuẩn bị và đóng gói.</p>
    <p style="color:#6b7280;font-size:13px;margin-top:24px">Cảm ơn bạn đã tin tưởng mua sắm tại Mộc Trà!</p>
  </div>
  <div style="background:#f9fafb;padding:14px 28px;font-size:12px;color:#9ca3af;border-top:1px solid #f3f4f6">
    © 2025 Mộc Trà Thái Nguyên. Bảo lưu mọi quyền.
  </div>
</div>
</body></html>
--------------------------------------------------------------------------------
[2026-04-26 07:05:08] TO: pn0503982@gmail.com | SUBJECT: Đơn hàng đang được giao — Đơn #10
<!DOCTYPE html><html><head><meta charset="UTF-8"></head><body style="font-family:Arial,sans-serif;background:#f9fafb;padding:24px">
<div style="max-width:560px;margin:0 auto;background:#fff;border-radius:12px;overflow:hidden;box-shadow:0 2px 8px rgba(0,0,0,.08)">
  <div style="background:#8b5cf6;padding:24px 28px">
    <h1 style="color:#fff;margin:0;font-size:18px">Đơn hàng đang được giao</h1>
    <p style="color:rgba(255,255,255,.8);margin:4px 0 0;font-size:13px">Đơn hàng #10</p>
  </div>
  <div style="padding:24px 28px">
    <p style="color:#111827;font-size:15px">Xin chào <strong>saamindiee</strong>,</p>
    <p style="color:#374151;font-size:14px;line-height:1.6">Đơn hàng của bạn đã được bàn giao cho đơn vị vận chuyển.</p>
    <p style="color:#6b7280;font-size:13px;margin-top:24px">Cảm ơn bạn đã tin tưởng mua sắm tại Mộc Trà!</p>
  </div>
  <div style="background:#f9fafb;padding:14px 28px;font-size:12px;color:#9ca3af;border-top:1px solid #f3f4f6">
    © 2025 Mộc Trà Thái Nguyên. Bảo lưu mọi quyền.
  </div>
</div>
</body></html>
--------------------------------------------------------------------------------
[2026-04-26 07:05:09] TO: pn0503982@gmail.com | SUBJECT: Đơn hàng đã bị hủy — Đơn #10
<!DOCTYPE html><html><head><meta charset="UTF-8"></head><body style="font-family:Arial,sans-serif;background:#f9fafb;padding:24px">
<div style="max-width:560px;margin:0 auto;background:#fff;border-radius:12px;overflow:hidden;box-shadow:0 2px 8px rgba(0,0,0,.08)">
  <div style="background:#ef4444;padding:24px 28px">
    <h1 style="color:#fff;margin:0;font-size:18px">Đơn hàng đã bị hủy</h1>
    <p style="color:rgba(255,255,255,.8);margin:4px 0 0;font-size:13px">Đơn hàng #10</p>
  </div>
  <div style="padding:24px 28px">
    <p style="color:#111827;font-size:15px">Xin chào <strong>saamindiee</strong>,</p>
    <p style="color:#374151;font-size:14px;line-height:1.6">Đơn hàng của bạn đã bị hủy. Liên hệ hỗ trợ nếu cần.</p>
    <p style="color:#6b7280;font-size:13px;margin-top:24px">Cảm ơn bạn đã tin tưởng mua sắm tại Mộc Trà!</p>
  </div>
  <div style="background:#f9fafb;padding:14px 28px;font-size:12px;color:#9ca3af;border-top:1px solid #f3f4f6">
    © 2025 Mộc Trà Thái Nguyên. Bảo lưu mọi quyền.
  </div>
</div>
</body></html>
--------------------------------------------------------------------------------
[2026-04-26 07:09:01] TO: pn0503982@gmail.com | SUBJECT: Đơn hàng đang được xử lý — Đơn #9
<!DOCTYPE html><html><head><meta charset="UTF-8"></head><body style="font-family:Arial,sans-serif;background:#f9fafb;padding:24px">
<div style="max-width:560px;margin:0 auto;background:#fff;border-radius:12px;overflow:hidden;box-shadow:0 2px 8px rgba(0,0,0,.08)">
  <div style="background:#3b82f6;padding:24px 28px">
    <h1 style="color:#fff;margin:0;font-size:18px">Đơn hàng đang được xử lý</h1>
    <p style="color:rgba(255,255,255,.8);margin:4px 0 0;font-size:13px">Đơn hàng #9</p>
  </div>
  <div style="padding:24px 28px">
    <p style="color:#111827;font-size:15px">Xin chào <strong>saamindiee</strong>,</p>
    <p style="color:#374151;font-size:14px;line-height:1.6">Đơn hàng của bạn đang được chuẩn bị và đóng gói.</p>
    <p style="color:#6b7280;font-size:13px;margin-top:24px">Cảm ơn bạn đã tin tưởng mua sắm tại Mộc Trà!</p>
  </div>
  <div style="background:#f9fafb;padding:14px 28px;font-size:12px;color:#9ca3af;border-top:1px solid #f3f4f6">
    © 2025 Mộc Trà Thái Nguyên. Bảo lưu mọi quyền.
  </div>
</div>
</body></html>
--------------------------------------------------------------------------------
[2026-04-26 07:13:34] TO: pn0503982@gmail.com | SUBJECT: Đơn hàng đang được giao — Đơn #9
<!DOCTYPE html><html><head><meta charset="UTF-8"></head><body style="font-family:Arial,sans-serif;background:#f9fafb;padding:24px">
<div style="max-width:560px;margin:0 auto;background:#fff;border-radius:12px;overflow:hidden;box-shadow:0 2px 8px rgba(0,0,0,.08)">
  <div style="background:#8b5cf6;padding:24px 28px">
    <h1 style="color:#fff;margin:0;font-size:18px">Đơn hàng đang được giao</h1>
    <p style="color:rgba(255,255,255,.8);margin:4px 0 0;font-size:13px">Đơn hàng #9</p>
  </div>
  <div style="padding:24px 28px">
    <p style="color:#111827;font-size:15px">Xin chào <strong>saamindiee</strong>,</p>
    <p style="color:#374151;font-size:14px;line-height:1.6">Đơn hàng của bạn đã được bàn giao cho đơn vị vận chuyển.</p>
    <p style="color:#6b7280;font-size:13px;margin-top:24px">Cảm ơn bạn đã tin tưởng mua sắm tại Mộc Trà!</p>
  </div>
  <div style="background:#f9fafb;padding:14px 28px;font-size:12px;color:#9ca3af;border-top:1px solid #f3f4f6">
    © 2025 Mộc Trà Thái Nguyên. Bảo lưu mọi quyền.
  </div>
</div>
</body></html>
--------------------------------------------------------------------------------
[2026-04-26 07:13:37] TO: pn0503982@gmail.com | SUBJECT: Đơn hàng đã bị hủy — Đơn #9
<!DOCTYPE html><html><head><meta charset="UTF-8"></head><body style="font-family:Arial,sans-serif;background:#f9fafb;padding:24px">
<div style="max-width:560px;margin:0 auto;background:#fff;border-radius:12px;overflow:hidden;box-shadow:0 2px 8px rgba(0,0,0,.08)">
  <div style="background:#ef4444;padding:24px 28px">
    <h1 style="color:#fff;margin:0;font-size:18px">Đơn hàng đã bị hủy</h1>
    <p style="color:rgba(255,255,255,.8);margin:4px 0 0;font-size:13px">Đơn hàng #9</p>
  </div>
  <div style="padding:24px 28px">
    <p style="color:#111827;font-size:15px">Xin chào <strong>saamindiee</strong>,</p>
    <p style="color:#374151;font-size:14px;line-height:1.6">Đơn hàng của bạn đã bị hủy. Liên hệ hỗ trợ nếu cần.</p>
    <p style="color:#6b7280;font-size:13px;margin-top:24px">Cảm ơn bạn đã tin tưởng mua sắm tại Mộc Trà!</p>
  </div>
  <div style="background:#f9fafb;padding:14px 28px;font-size:12px;color:#9ca3af;border-top:1px solid #f3f4f6">
    © 2025 Mộc Trà Thái Nguyên. Bảo lưu mọi quyền.
  </div>
</div>
</body></html>
--------------------------------------------------------------------------------
[2026-04-26 07:13:54] TO: lan@example.com | SUBJECT: Đơn hàng đang được giao — Đơn #7
<!DOCTYPE html><html><head><meta charset="UTF-8"></head><body style="font-family:Arial,sans-serif;background:#f9fafb;padding:24px">
<div style="max-width:560px;margin:0 auto;background:#fff;border-radius:12px;overflow:hidden;box-shadow:0 2px 8px rgba(0,0,0,.08)">
  <div style="background:#8b5cf6;padding:24px 28px">
    <h1 style="color:#fff;margin:0;font-size:18px">Đơn hàng đang được giao</h1>
    <p style="color:rgba(255,255,255,.8);margin:4px 0 0;font-size:13px">Đơn hàng #7</p>
  </div>
  <div style="padding:24px 28px">
    <p style="color:#111827;font-size:15px">Xin chào <strong>Nguyễn Thị Lan</strong>,</p>
    <p style="color:#374151;font-size:14px;line-height:1.6">Đơn hàng của bạn đã được bàn giao cho đơn vị vận chuyển.</p>
    <p style="color:#6b7280;font-size:13px;margin-top:24px">Cảm ơn bạn đã tin tưởng mua sắm tại Mộc Trà!</p>
  </div>
  <div style="background:#f9fafb;padding:14px 28px;font-size:12px;color:#9ca3af;border-top:1px solid #f3f4f6">
    © 2025 Mộc Trà Thái Nguyên. Bảo lưu mọi quyền.
  </div>
</div>
</body></html>
--------------------------------------------------------------------------------
[2026-04-26 07:13:55] TO: lan@example.com | SUBJECT: Đơn hàng đã bị hủy — Đơn #7
<!DOCTYPE html><html><head><meta charset="UTF-8"></head><body style="font-family:Arial,sans-serif;background:#f9fafb;padding:24px">
<div style="max-width:560px;margin:0 auto;background:#fff;border-radius:12px;overflow:hidden;box-shadow:0 2px 8px rgba(0,0,0,.08)">
  <div style="background:#ef4444;padding:24px 28px">
    <h1 style="color:#fff;margin:0;font-size:18px">Đơn hàng đã bị hủy</h1>
    <p style="color:rgba(255,255,255,.8);margin:4px 0 0;font-size:13px">Đơn hàng #7</p>
  </div>
  <div style="padding:24px 28px">
    <p style="color:#111827;font-size:15px">Xin chào <strong>Nguyễn Thị Lan</strong>,</p>
    <p style="color:#374151;font-size:14px;line-height:1.6">Đơn hàng của bạn đã bị hủy. Liên hệ hỗ trợ nếu cần.</p>
    <p style="color:#6b7280;font-size:13px;margin-top:24px">Cảm ơn bạn đã tin tưởng mua sắm tại Mộc Trà!</p>
  </div>
  <div style="background:#f9fafb;padding:14px 28px;font-size:12px;color:#9ca3af;border-top:1px solid #f3f4f6">
    © 2025 Mộc Trà Thái Nguyên. Bảo lưu mọi quyền.
  </div>
</div>
</body></html>
--------------------------------------------------------------------------------
[2026-04-26 07:14:45] TO: pn0503982@gmail.com | SUBJECT: Xác nhận đơn hàng #11 — Mộc Trà
<!DOCTYPE html><html><head><meta charset="UTF-8"></head><body style="font-family:Arial,sans-serif;background:#f9fafb;padding:24px">
<div style="max-width:560px;margin:0 auto;background:#fff;border-radius:12px;overflow:hidden;box-shadow:0 2px 8px rgba(0,0,0,.08)">
  <div style="background:#166534;padding:24px 28px">
    <h1 style="color:#fff;margin:0;font-size:20px">Mộc Trà Thái Nguyên</h1>
    <p style="color:rgba(255,255,255,.8);margin:4px 0 0;font-size:14px">Xác nhận đơn hàng</p>
  </div>
  <div style="padding:24px 28px">
    <p style="color:#111827;font-size:15px">Xin chào <strong>saamindiee</strong>,</p>
    <p style="color:#374151;font-size:14px;line-height:1.6">Đơn hàng <strong>#11</strong> của bạn đã được tiếp nhận thành công. Chúng tôi sẽ xử lý và liên hệ với bạn sớm nhất.</p>
    <table style="width:100%;border-collapse:collapse;margin:16px 0">
      <thead><tr style="background:#f0fdf4">
        <th style="padding:10px 12px;text-align:left;font-size:13px;color:#166534">Sản phẩm</th>
        <th style="padding:10px 12px;text-align:center;font-size:13px;color:#166534">SL</th>
        <th style="padding:10px 12px;text-align:right;font-size:13px;color:#166534">Thành tiền</th>
      </tr></thead>
      <tbody><tr>
            <td style="padding:8px 12px;border-bottom:1px solid #f3f4f6">Trà Đen Thái Nguyên Premium</td>
            <td style="padding:8px 12px;border-bottom:1px solid #f3f4f6;text-align:center">4</td>
            <td style="padding:8px 12px;border-bottom:1px solid #f3f4f6;text-align:right">150.000đ</td>
        </tr></tbody>
    </table>
    <p style="text-align:right;font-size:16px;font-weight:700;color:#dc2626">Tổng cộng: 600.000đ</p>
    <p style="color:#6b7280;font-size:13px;margin-top:24px">Cảm ơn bạn đã tin tưởng mua sắm tại Mộc Trà!</p>
  </div>
  <div style="background:#f9fafb;padding:14px 28px;font-size:12px;color:#9ca3af;border-top:1px solid #f3f4f6">
    © 2025 Mộc Trà Thái Nguyên. Bảo lưu mọi quyền.
  </div>
</div>
</body></html>
--------------------------------------------------------------------------------
[2026-04-26 07:15:54] TO: pn0503982@gmail.com | SUBJECT: Đơn hàng đang được xử lý — Đơn #11
<!DOCTYPE html><html><head><meta charset="UTF-8"></head><body style="font-family:Arial,sans-serif;background:#f9fafb;padding:24px">
<div style="max-width:560px;margin:0 auto;background:#fff;border-radius:12px;overflow:hidden;box-shadow:0 2px 8px rgba(0,0,0,.08)">
  <div style="background:#3b82f6;padding:24px 28px">
    <h1 style="color:#fff;margin:0;font-size:18px">Đơn hàng đang được xử lý</h1>
    <p style="color:rgba(255,255,255,.8);margin:4px 0 0;font-size:13px">Đơn hàng #11</p>
  </div>
  <div style="padding:24px 28px">
    <p style="color:#111827;font-size:15px">Xin chào <strong>saamindiee</strong>,</p>
    <p style="color:#374151;font-size:14px;line-height:1.6">Đơn hàng của bạn đang được chuẩn bị và đóng gói.</p>
    <p style="color:#6b7280;font-size:13px;margin-top:24px">Cảm ơn bạn đã tin tưởng mua sắm tại Mộc Trà!</p>
  </div>
  <div style="background:#f9fafb;padding:14px 28px;font-size:12px;color:#9ca3af;border-top:1px solid #f3f4f6">
    © 2025 Mộc Trà Thái Nguyên. Bảo lưu mọi quyền.
  </div>
</div>
</body></html>
--------------------------------------------------------------------------------
[2026-04-26 08:11:12] TO: pn0503982@gmail.com | SUBJECT: Xác nhận đơn hàng #12 — Mộc Trà
<!DOCTYPE html><html><head><meta charset="UTF-8"></head><body style="font-family:Arial,sans-serif;background:#f9fafb;padding:24px">
<div style="max-width:560px;margin:0 auto;background:#fff;border-radius:12px;overflow:hidden;box-shadow:0 2px 8px rgba(0,0,0,.08)">
  <div style="background:#166534;padding:24px 28px">
    <h1 style="color:#fff;margin:0;font-size:20px">Mộc Trà Thái Nguyên</h1>
    <p style="color:rgba(255,255,255,.8);margin:4px 0 0;font-size:14px">Xác nhận đơn hàng</p>
  </div>
  <div style="padding:24px 28px">
    <p style="color:#111827;font-size:15px">Xin chào <strong>saamindiee</strong>,</p>
    <p style="color:#374151;font-size:14px;line-height:1.6">Đơn hàng <strong>#12</strong> của bạn đã được tiếp nhận thành công. Chúng tôi sẽ xử lý và liên hệ với bạn sớm nhất.</p>
    <table style="width:100%;border-collapse:collapse;margin:16px 0">
      <thead><tr style="background:#f0fdf4">
        <th style="padding:10px 12px;text-align:left;font-size:13px;color:#166534">Sản phẩm</th>
        <th style="padding:10px 12px;text-align:center;font-size:13px;color:#166534">SL</th>
        <th style="padding:10px 12px;text-align:right;font-size:13px;color:#166534">Thành tiền</th>
      </tr></thead>
      <tbody><tr>
            <td style="padding:8px 12px;border-bottom:1px solid #f3f4f6">Trà Xanh Túi Lọc Tiện Lợi</td>
            <td style="padding:8px 12px;border-bottom:1px solid #f3f4f6;text-align:center">1</td>
            <td style="padding:8px 12px;border-bottom:1px solid #f3f4f6;text-align:right">95.000đ</td>
        </tr><tr>
            <td style="padding:8px 12px;border-bottom:1px solid #f3f4f6">Trà Đen Thái Nguyên Premium</td>
            <td style="padding:8px 12px;border-bottom:1px solid #f3f4f6;text-align:center">1</td>
            <td style="padding:8px 12px;border-bottom:1px solid #f3f4f6;text-align:right">150.000đ</td>
        </tr><tr>
            <td style="padding:8px 12px;border-bottom:1px solid #f3f4f6">Trà Ô Long Tứ Quý Hương</td>
            <td style="padding:8px 12px;border-bottom:1px solid #f3f4f6;text-align:center">1</td>
            <td style="padding:8px 12px;border-bottom:1px solid #f3f4f6;text-align:right">250.000đ</td>
        </tr></tbody>
    </table>
    <p style="text-align:right;font-size:16px;font-weight:700;color:#dc2626">Tổng cộng: 495.000đ</p>
    <p style="color:#6b7280;font-size:13px;margin-top:24px">Cảm ơn bạn đã tin tưởng mua sắm tại Mộc Trà!</p>
  </div>
  <div style="background:#f9fafb;padding:14px 28px;font-size:12px;color:#9ca3af;border-top:1px solid #f3f4f6">
    © 2025 Mộc Trà Thái Nguyên. Bảo lưu mọi quyền.
  </div>
</div>
</body></html>
--------------------------------------------------------------------------------
[2026-04-26 08:11:28] TO: pn0503982@gmail.com | SUBJECT: Đơn hàng đang được xử lý — Đơn #12
<!DOCTYPE html><html><head><meta charset="UTF-8"></head><body style="font-family:Arial,sans-serif;background:#f9fafb;padding:24px">
<div style="max-width:560px;margin:0 auto;background:#fff;border-radius:12px;overflow:hidden;box-shadow:0 2px 8px rgba(0,0,0,.08)">
  <div style="background:#3b82f6;padding:24px 28px">
    <h1 style="color:#fff;margin:0;font-size:18px">Đơn hàng đang được xử lý</h1>
    <p style="color:rgba(255,255,255,.8);margin:4px 0 0;font-size:13px">Đơn hàng #12</p>
  </div>
  <div style="padding:24px 28px">
    <p style="color:#111827;font-size:15px">Xin chào <strong>saamindiee</strong>,</p>
    <p style="color:#374151;font-size:14px;line-height:1.6">Đơn hàng của bạn đang được chuẩn bị và đóng gói.</p>
    <p style="color:#6b7280;font-size:13px;margin-top:24px">Cảm ơn bạn đã tin tưởng mua sắm tại Mộc Trà!</p>
  </div>
  <div style="background:#f9fafb;padding:14px 28px;font-size:12px;color:#9ca3af;border-top:1px solid #f3f4f6">
    © 2025 Mộc Trà Thái Nguyên. Bảo lưu mọi quyền.
  </div>
</div>
</body></html>
--------------------------------------------------------------------------------
[2026-04-26 08:11:44] TO: pn0503982@gmail.com | SUBJECT: Đơn hàng đang được giao — Đơn #12
<!DOCTYPE html><html><head><meta charset="UTF-8"></head><body style="font-family:Arial,sans-serif;background:#f9fafb;padding:24px">
<div style="max-width:560px;margin:0 auto;background:#fff;border-radius:12px;overflow:hidden;box-shadow:0 2px 8px rgba(0,0,0,.08)">
  <div style="background:#8b5cf6;padding:24px 28px">
    <h1 style="color:#fff;margin:0;font-size:18px">Đơn hàng đang được giao</h1>
    <p style="color:rgba(255,255,255,.8);margin:4px 0 0;font-size:13px">Đơn hàng #12</p>
  </div>
  <div style="padding:24px 28px">
    <p style="color:#111827;font-size:15px">Xin chào <strong>saamindiee</strong>,</p>
    <p style="color:#374151;font-size:14px;line-height:1.6">Đơn hàng của bạn đã được bàn giao cho đơn vị vận chuyển.</p>
    <p style="color:#6b7280;font-size:13px;margin-top:24px">Cảm ơn bạn đã tin tưởng mua sắm tại Mộc Trà!</p>
  </div>
  <div style="background:#f9fafb;padding:14px 28px;font-size:12px;color:#9ca3af;border-top:1px solid #f3f4f6">
    © 2025 Mộc Trà Thái Nguyên. Bảo lưu mọi quyền.
  </div>
</div>
</body></html>
--------------------------------------------------------------------------------
[2026-04-26 09:35:06] TO: pn0503982@gmail.com | SUBJECT: Xác nhận đơn hàng #13 — Mộc Trà
<!DOCTYPE html><html><head><meta charset="UTF-8"></head><body style="font-family:Arial,sans-serif;background:#f9fafb;padding:24px">
<div style="max-width:560px;margin:0 auto;background:#fff;border-radius:12px;overflow:hidden;box-shadow:0 2px 8px rgba(0,0,0,.08)">
  <div style="background:#166534;padding:24px 28px">
    <h1 style="color:#fff;margin:0;font-size:20px">Mộc Trà Thái Nguyên</h1>
    <p style="color:rgba(255,255,255,.8);margin:4px 0 0;font-size:14px">Xác nhận đơn hàng</p>
  </div>
  <div style="padding:24px 28px">
    <p style="color:#111827;font-size:15px">Xin chào <strong>saamindiee</strong>,</p>
    <p style="color:#374151;font-size:14px;line-height:1.6">Đơn hàng <strong>#13</strong> của bạn đã được tiếp nhận thành công. Chúng tôi sẽ xử lý và liên hệ với bạn sớm nhất.</p>
    <table style="width:100%;border-collapse:collapse;margin:16px 0">
      <thead><tr style="background:#f0fdf4">
        <th style="padding:10px 12px;text-align:left;font-size:13px;color:#166534">Sản phẩm</th>
        <th style="padding:10px 12px;text-align:center;font-size:13px;color:#166534">SL</th>
        <th style="padding:10px 12px;text-align:right;font-size:13px;color:#166534">Thành tiền</th>
      </tr></thead>
      <tbody><tr>
            <td style="padding:8px 12px;border-bottom:1px solid #f3f4f6">Hộp Quà Trà Cao Cấp &quot;Tân Cương Vàng&quot;</td>
            <td style="padding:8px 12px;border-bottom:1px solid #f3f4f6;text-align:center">1</td>
            <td style="padding:8px 12px;border-bottom:1px solid #f3f4f6;text-align:right">480.000đ</td>
        </tr></tbody>
    </table>
    <p style="text-align:right;font-size:16px;font-weight:700;color:#dc2626">Tổng cộng: 480.000đ</p>
    <p style="color:#6b7280;font-size:13px;margin-top:24px">Cảm ơn bạn đã tin tưởng mua sắm tại Mộc Trà!</p>
  </div>
  <div style="background:#f9fafb;padding:14px 28px;font-size:12px;color:#9ca3af;border-top:1px solid #f3f4f6">
    © 2025 Mộc Trà Thái Nguyên. Bảo lưu mọi quyền.
  </div>
</div>
</body></html>
--------------------------------------------------------------------------------
[2026-04-26 11:48:59] TO: pn0503982@gmail.com | SUBJECT: Xác nhận đơn hàng #14 — Mộc Trà
<!DOCTYPE html><html><head><meta charset="UTF-8"></head><body style="font-family:Arial,sans-serif;background:#f9fafb;padding:24px">
<div style="max-width:560px;margin:0 auto;background:#fff;border-radius:12px;overflow:hidden;box-shadow:0 2px 8px rgba(0,0,0,.08)">
  <div style="background:#166534;padding:24px 28px">
    <h1 style="color:#fff;margin:0;font-size:20px">Mộc Trà Thái Nguyên</h1>
    <p style="color:rgba(255,255,255,.8);margin:4px 0 0;font-size:14px">Xác nhận đơn hàng</p>
  </div>
  <div style="padding:24px 28px">
    <p style="color:#111827;font-size:15px">Xin chào <strong>saamindiee</strong>,</p>
    <p style="color:#374151;font-size:14px;line-height:1.6">Đơn hàng <strong>#14</strong> của bạn đã được tiếp nhận thành công. Chúng tôi sẽ xử lý và liên hệ với bạn sớm nhất.</p>
    <table style="width:100%;border-collapse:collapse;margin:16px 0">
      <thead><tr style="background:#f0fdf4">
        <th style="padding:10px 12px;text-align:left;font-size:13px;color:#166534">Sản phẩm</th>
        <th style="padding:10px 12px;text-align:center;font-size:13px;color:#166534">SL</th>
        <th style="padding:10px 12px;text-align:right;font-size:13px;color:#166534">Thành tiền</th>
      </tr></thead>
      <tbody><tr>
            <td style="padding:8px 12px;border-bottom:1px solid #f3f4f6">Trà Đen Thái Nguyên Premium</td>
            <td style="padding:8px 12px;border-bottom:1px solid #f3f4f6;text-align:center">2</td>
            <td style="padding:8px 12px;border-bottom:1px solid #f3f4f6;text-align:right">150.000đ</td>
        </tr></tbody>
    </table>
    <p style="text-align:right;font-size:16px;font-weight:700;color:#dc2626">Tổng cộng: 300.000đ</p>
    <p style="color:#6b7280;font-size:13px;margin-top:24px">Cảm ơn bạn đã tin tưởng mua sắm tại Mộc Trà!</p>
  </div>
  <div style="background:#f9fafb;padding:14px 28px;font-size:12px;color:#9ca3af;border-top:1px solid #f3f4f6">
    © 2025 Mộc Trà Thái Nguyên. Bảo lưu mọi quyền.
  </div>
</div>
</body></html>
--------------------------------------------------------------------------------
[2026-04-26 11:49:30] TO: pn0503982@gmail.com | SUBJECT: Đơn hàng đang được xử lý — Đơn #14
<!DOCTYPE html><html><head><meta charset="UTF-8"></head><body style="font-family:Arial,sans-serif;background:#f9fafb;padding:24px">
<div style="max-width:560px;margin:0 auto;background:#fff;border-radius:12px;overflow:hidden;box-shadow:0 2px 8px rgba(0,0,0,.08)">
  <div style="background:#3b82f6;padding:24px 28px">
    <h1 style="color:#fff;margin:0;font-size:18px">Đơn hàng đang được xử lý</h1>
    <p style="color:rgba(255,255,255,.8);margin:4px 0 0;font-size:13px">Đơn hàng #14</p>
  </div>
  <div style="padding:24px 28px">
    <p style="color:#111827;font-size:15px">Xin chào <strong>saamindiee</strong>,</p>
    <p style="color:#374151;font-size:14px;line-height:1.6">Đơn hàng của bạn đang được chuẩn bị và đóng gói.</p>
    <p style="color:#6b7280;font-size:13px;margin-top:24px">Cảm ơn bạn đã tin tưởng mua sắm tại Mộc Trà!</p>
  </div>
  <div style="background:#f9fafb;padding:14px 28px;font-size:12px;color:#9ca3af;border-top:1px solid #f3f4f6">
    © 2025 Mộc Trà Thái Nguyên. Bảo lưu mọi quyền.
  </div>
</div>
</body></html>
--------------------------------------------------------------------------------
[2026-04-26 11:49:32] TO: pn0503982@gmail.com | SUBJECT: Đơn hàng đang được xử lý — Đơn #13
<!DOCTYPE html><html><head><meta charset="UTF-8"></head><body style="font-family:Arial,sans-serif;background:#f9fafb;padding:24px">
<div style="max-width:560px;margin:0 auto;background:#fff;border-radius:12px;overflow:hidden;box-shadow:0 2px 8px rgba(0,0,0,.08)">
  <div style="background:#3b82f6;padding:24px 28px">
    <h1 style="color:#fff;margin:0;font-size:18px">Đơn hàng đang được xử lý</h1>
    <p style="color:rgba(255,255,255,.8);margin:4px 0 0;font-size:13px">Đơn hàng #13</p>
  </div>
  <div style="padding:24px 28px">
    <p style="color:#111827;font-size:15px">Xin chào <strong>saamindiee</strong>,</p>
    <p style="color:#374151;font-size:14px;line-height:1.6">Đơn hàng của bạn đang được chuẩn bị và đóng gói.</p>
    <p style="color:#6b7280;font-size:13px;margin-top:24px">Cảm ơn bạn đã tin tưởng mua sắm tại Mộc Trà!</p>
  </div>
  <div style="background:#f9fafb;padding:14px 28px;font-size:12px;color:#9ca3af;border-top:1px solid #f3f4f6">
    © 2025 Mộc Trà Thái Nguyên. Bảo lưu mọi quyền.
  </div>
</div>
</body></html>
--------------------------------------------------------------------------------
[2026-04-26 11:49:45] TO: lan@example.com | SUBJECT: Đơn hàng đã giao thành công — Đơn #2
<!DOCTYPE html><html><head><meta charset="UTF-8"></head><body style="font-family:Arial,sans-serif;background:#f9fafb;padding:24px">
<div style="max-width:560px;margin:0 auto;background:#fff;border-radius:12px;overflow:hidden;box-shadow:0 2px 8px rgba(0,0,0,.08)">
  <div style="background:#10b981;padding:24px 28px">
    <h1 style="color:#fff;margin:0;font-size:18px">Đơn hàng đã giao thành công</h1>
    <p style="color:rgba(255,255,255,.8);margin:4px 0 0;font-size:13px">Đơn hàng #2</p>
  </div>
  <div style="padding:24px 28px">
    <p style="color:#111827;font-size:15px">Xin chào <strong>Nguyễn Thị Lan</strong>,</p>
    <p style="color:#374151;font-size:14px;line-height:1.6">Đơn hàng của bạn đã được giao. Cảm ơn bạn đã mua sắm!</p>
    <p style="color:#6b7280;font-size:13px;margin-top:24px">Cảm ơn bạn đã tin tưởng mua sắm tại Mộc Trà!</p>
  </div>
  <div style="background:#f9fafb;padding:14px 28px;font-size:12px;color:#9ca3af;border-top:1px solid #f3f4f6">
    © 2025 Mộc Trà Thái Nguyên. Bảo lưu mọi quyền.
  </div>
</div>
</body></html>
--------------------------------------------------------------------------------
[2026-04-26 12:17:17] TO: pn0503982@gmail.com | SUBJECT: Xác nhận đơn hàng #15 — Mộc Trà
<!DOCTYPE html><html><head><meta charset="UTF-8"></head><body style="font-family:Arial,sans-serif;background:#f9fafb;padding:24px">
<div style="max-width:560px;margin:0 auto;background:#fff;border-radius:12px;overflow:hidden;box-shadow:0 2px 8px rgba(0,0,0,.08)">
  <div style="background:#166534;padding:24px 28px">
    <h1 style="color:#fff;margin:0;font-size:20px">Mộc Trà Thái Nguyên</h1>
    <p style="color:rgba(255,255,255,.8);margin:4px 0 0;font-size:14px">Xác nhận đơn hàng</p>
  </div>
  <div style="padding:24px 28px">
    <p style="color:#111827;font-size:15px">Xin chào <strong>saamindiee</strong>,</p>
    <p style="color:#374151;font-size:14px;line-height:1.6">Đơn hàng <strong>#15</strong> của bạn đã được tiếp nhận thành công. Chúng tôi sẽ xử lý và liên hệ với bạn sớm nhất.</p>
    <table style="width:100%;border-collapse:collapse;margin:16px 0">
      <thead><tr style="background:#f0fdf4">
        <th style="padding:10px 12px;text-align:left;font-size:13px;color:#166534">Sản phẩm</th>
        <th style="padding:10px 12px;text-align:center;font-size:13px;color:#166534">SL</th>
        <th style="padding:10px 12px;text-align:right;font-size:13px;color:#166534">Thành tiền</th>
      </tr></thead>
      <tbody><tr>
            <td style="padding:8px 12px;border-bottom:1px solid #f3f4f6">Hộp Quà Trà Thảo Mộc Sức Khỏe</td>
            <td style="padding:8px 12px;border-bottom:1px solid #f3f4f6;text-align:center">1</td>
            <td style="padding:8px 12px;border-bottom:1px solid #f3f4f6;text-align:right">280.000đ</td>
        </tr></tbody>
    </table>
    <p style="text-align:right;font-size:16px;font-weight:700;color:#dc2626">Tổng cộng: 302.000đ</p>
    <p style="color:#6b7280;font-size:13px;margin-top:24px">Cảm ơn bạn đã tin tưởng mua sắm tại Mộc Trà!</p>
  </div>
  <div style="background:#f9fafb;padding:14px 28px;font-size:12px;color:#9ca3af;border-top:1px solid #f3f4f6">
    © 2025 Mộc Trà Thái Nguyên. Bảo lưu mọi quyền.
  </div>
</div>
</body></html>
--------------------------------------------------------------------------------
[2026-04-26 12:34:40] TO: pn0503982@gmail.com | SUBJECT: Xác nhận đơn hàng #16 — Mộc Trà
<!DOCTYPE html><html><head><meta charset="UTF-8"></head><body style="font-family:Arial,sans-serif;background:#f9fafb;padding:24px">
<div style="max-width:560px;margin:0 auto;background:#fff;border-radius:12px;overflow:hidden;box-shadow:0 2px 8px rgba(0,0,0,.08)">
  <div style="background:#166534;padding:24px 28px">
    <h1 style="color:#fff;margin:0;font-size:20px">Mộc Trà Thái Nguyên</h1>
    <p style="color:rgba(255,255,255,.8);margin:4px 0 0;font-size:14px">Xác nhận đơn hàng</p>
  </div>
  <div style="padding:24px 28px">
    <p style="color:#111827;font-size:15px">Xin chào <strong>saamindiee</strong>,</p>
    <p style="color:#374151;font-size:14px;line-height:1.6">Đơn hàng <strong>#16</strong> của bạn đã được tiếp nhận thành công. Chúng tôi sẽ xử lý và liên hệ với bạn sớm nhất.</p>
    <table style="width:100%;border-collapse:collapse;margin:16px 0">
      <thead><tr style="background:#f0fdf4">
        <th style="padding:10px 12px;text-align:left;font-size:13px;color:#166534">Sản phẩm</th>
        <th style="padding:10px 12px;text-align:center;font-size:13px;color:#166534">SL</th>
        <th style="padding:10px 12px;text-align:right;font-size:13px;color:#166534">Thành tiền</th>
      </tr></thead>
      <tbody><tr>
            <td style="padding:8px 12px;border-bottom:1px solid #f3f4f6">Hộp Quà Trà Cao Cấp &quot;Tân Cương Vàng&quot;</td>
            <td style="padding:8px 12px;border-bottom:1px solid #f3f4f6;text-align:center">1</td>
            <td style="padding:8px 12px;border-bottom:1px solid #f3f4f6;text-align:right">480.000đ</td>
        </tr></tbody>
    </table>
    <p style="text-align:right;font-size:16px;font-weight:700;color:#dc2626">Tổng cộng: 480.000đ</p>
    <p style="color:#6b7280;font-size:13px;margin-top:24px">Cảm ơn bạn đã tin tưởng mua sắm tại Mộc Trà!</p>
  </div>
  <div style="background:#f9fafb;padding:14px 28px;font-size:12px;color:#9ca3af;border-top:1px solid #f3f4f6">
    © 2025 Mộc Trà Thái Nguyên. Bảo lưu mọi quyền.
  </div>
</div>
</body></html>
--------------------------------------------------------------------------------
[2026-04-26 12:35:54] TO: pn0503982@gmail.com | SUBJECT: Đơn hàng đang được xử lý — Đơn #16
<!DOCTYPE html><html><head><meta charset="UTF-8"></head><body style="font-family:Arial,sans-serif;background:#f9fafb;padding:24px">
<div style="max-width:560px;margin:0 auto;background:#fff;border-radius:12px;overflow:hidden;box-shadow:0 2px 8px rgba(0,0,0,.08)">
  <div style="background:#3b82f6;padding:24px 28px">
    <h1 style="color:#fff;margin:0;font-size:18px">Đơn hàng đang được xử lý</h1>
    <p style="color:rgba(255,255,255,.8);margin:4px 0 0;font-size:13px">Đơn hàng #16</p>
  </div>
  <div style="padding:24px 28px">
    <p style="color:#111827;font-size:15px">Xin chào <strong>saamindiee</strong>,</p>
    <p style="color:#374151;font-size:14px;line-height:1.6">Đơn hàng của bạn đang được chuẩn bị và đóng gói.</p>
    <p style="color:#6b7280;font-size:13px;margin-top:24px">Cảm ơn bạn đã tin tưởng mua sắm tại Mộc Trà!</p>
  </div>
  <div style="background:#f9fafb;padding:14px 28px;font-size:12px;color:#9ca3af;border-top:1px solid #f3f4f6">
    © 2025 Mộc Trà Thái Nguyên. Bảo lưu mọi quyền.
  </div>
</div>
</body></html>
--------------------------------------------------------------------------------
[2026-04-26 12:36:12] TO: pn0503982@gmail.com | SUBJECT: Đơn hàng đang được giao — Đơn #16
<!DOCTYPE html><html><head><meta charset="UTF-8"></head><body style="font-family:Arial,sans-serif;background:#f9fafb;padding:24px">
<div style="max-width:560px;margin:0 auto;background:#fff;border-radius:12px;overflow:hidden;box-shadow:0 2px 8px rgba(0,0,0,.08)">
  <div style="background:#8b5cf6;padding:24px 28px">
    <h1 style="color:#fff;margin:0;font-size:18px">Đơn hàng đang được giao</h1>
    <p style="color:rgba(255,255,255,.8);margin:4px 0 0;font-size:13px">Đơn hàng #16</p>
  </div>
  <div style="padding:24px 28px">
    <p style="color:#111827;font-size:15px">Xin chào <strong>saamindiee</strong>,</p>
    <p style="color:#374151;font-size:14px;line-height:1.6">Đơn hàng của bạn đã được bàn giao cho đơn vị vận chuyển.</p>
    <p style="color:#6b7280;font-size:13px;margin-top:24px">Cảm ơn bạn đã tin tưởng mua sắm tại Mộc Trà!</p>
  </div>
  <div style="background:#f9fafb;padding:14px 28px;font-size:12px;color:#9ca3af;border-top:1px solid #f3f4f6">
    © 2025 Mộc Trà Thái Nguyên. Bảo lưu mọi quyền.
  </div>
</div>
</body></html>
--------------------------------------------------------------------------------
[2026-04-26 12:36:19] TO: pn0503982@gmail.com | SUBJECT: Đơn hàng đã giao thành công — Đơn #16
<!DOCTYPE html><html><head><meta charset="UTF-8"></head><body style="font-family:Arial,sans-serif;background:#f9fafb;padding:24px">
<div style="max-width:560px;margin:0 auto;background:#fff;border-radius:12px;overflow:hidden;box-shadow:0 2px 8px rgba(0,0,0,.08)">
  <div style="background:#10b981;padding:24px 28px">
    <h1 style="color:#fff;margin:0;font-size:18px">Đơn hàng đã giao thành công</h1>
    <p style="color:rgba(255,255,255,.8);margin:4px 0 0;font-size:13px">Đơn hàng #16</p>
  </div>
  <div style="padding:24px 28px">
    <p style="color:#111827;font-size:15px">Xin chào <strong>saamindiee</strong>,</p>
    <p style="color:#374151;font-size:14px;line-height:1.6">Đơn hàng của bạn đã được giao. Cảm ơn bạn đã mua sắm!</p>
    <p style="color:#6b7280;font-size:13px;margin-top:24px">Cảm ơn bạn đã tin tưởng mua sắm tại Mộc Trà!</p>
  </div>
  <div style="background:#f9fafb;padding:14px 28px;font-size:12px;color:#9ca3af;border-top:1px solid #f3f4f6">
    © 2025 Mộc Trà Thái Nguyên. Bảo lưu mọi quyền.
  </div>
</div>
</body></html>
--------------------------------------------------------------------------------
[2026-04-26 13:19:47] TO: pn0503982@gmail.com | SUBJECT: Xác nhận đơn hàng #17 — Mộc Trà
<!DOCTYPE html><html><head><meta charset="UTF-8"></head><body style="font-family:Arial,sans-serif;background:#f9fafb;padding:24px">
<div style="max-width:560px;margin:0 auto;background:#fff;border-radius:12px;overflow:hidden;box-shadow:0 2px 8px rgba(0,0,0,.08)">
  <div style="background:#166534;padding:24px 28px">
    <h1 style="color:#fff;margin:0;font-size:20px">Mộc Trà Thái Nguyên</h1>
    <p style="color:rgba(255,255,255,.8);margin:4px 0 0;font-size:14px">Xác nhận đơn hàng</p>
  </div>
  <div style="padding:24px 28px">
    <p style="color:#111827;font-size:15px">Xin chào <strong>saamindiee</strong>,</p>
    <p style="color:#374151;font-size:14px;line-height:1.6">Đơn hàng <strong>#17</strong> của bạn đã được tiếp nhận thành công. Chúng tôi sẽ xử lý và liên hệ với bạn sớm nhất.</p>
    <table style="width:100%;border-collapse:collapse;margin:16px 0">
      <thead><tr style="background:#f0fdf4">
        <th style="padding:10px 12px;text-align:left;font-size:13px;color:#166534">Sản phẩm</th>
        <th style="padding:10px 12px;text-align:center;font-size:13px;color:#166534">SL</th>
        <th style="padding:10px 12px;text-align:right;font-size:13px;color:#166534">Thành tiền</th>
      </tr></thead>
      <tbody><tr>
            <td style="padding:8px 12px;border-bottom:1px solid #f3f4f6">Trà Gừng Mật Ong Thảo Mộc</td>
            <td style="padding:8px 12px;border-bottom:1px solid #f3f4f6;text-align:center">1</td>
            <td style="padding:8px 12px;border-bottom:1px solid #f3f4f6;text-align:right">88.000đ</td>
        </tr></tbody>
    </table>
    <p style="text-align:right;font-size:16px;font-weight:700;color:#dc2626">Tổng cộng: 110.000đ</p>
    <p style="color:#6b7280;font-size:13px;margin-top:24px">Cảm ơn bạn đã tin tưởng mua sắm tại Mộc Trà!</p>
  </div>
  <div style="background:#f9fafb;padding:14px 28px;font-size:12px;color:#9ca3af;border-top:1px solid #f3f4f6">
    © 2025 Mộc Trà Thái Nguyên. Bảo lưu mọi quyền.
  </div>
</div>
</body></html>
--------------------------------------------------------------------------------
[2026-04-26 13:27:37] TO: pn0503982@gmail.com | SUBJECT: Đơn hàng đang được xử lý — Đơn #17
<!DOCTYPE html><html><head><meta charset="UTF-8"></head><body style="font-family:Arial,sans-serif;background:#f9fafb;padding:24px">
<div style="max-width:560px;margin:0 auto;background:#fff;border-radius:12px;overflow:hidden;box-shadow:0 2px 8px rgba(0,0,0,.08)">
  <div style="background:#3b82f6;padding:24px 28px">
    <h1 style="color:#fff;margin:0;font-size:18px">Đơn hàng đang được xử lý</h1>
    <p style="color:rgba(255,255,255,.8);margin:4px 0 0;font-size:13px">Đơn hàng #17</p>
  </div>
  <div style="padding:24px 28px">
    <p style="color:#111827;font-size:15px">Xin chào <strong>saamindiee</strong>,</p>
    <p style="color:#374151;font-size:14px;line-height:1.6">Đơn hàng của bạn đang được chuẩn bị và đóng gói.</p>
    <p style="color:#6b7280;font-size:13px;margin-top:24px">Cảm ơn bạn đã tin tưởng mua sắm tại Mộc Trà!</p>
  </div>
  <div style="background:#f9fafb;padding:14px 28px;font-size:12px;color:#9ca3af;border-top:1px solid #f3f4f6">
    © 2025 Mộc Trà Thái Nguyên. Bảo lưu mọi quyền.
  </div>
</div>
</body></html>
--------------------------------------------------------------------------------
[2026-04-26 13:27:48] TO: pn0503982@gmail.com | SUBJECT: Đơn hàng đang được giao — Đơn #17
<!DOCTYPE html><html><head><meta charset="UTF-8"></head><body style="font-family:Arial,sans-serif;background:#f9fafb;padding:24px">
<div style="max-width:560px;margin:0 auto;background:#fff;border-radius:12px;overflow:hidden;box-shadow:0 2px 8px rgba(0,0,0,.08)">
  <div style="background:#8b5cf6;padding:24px 28px">
    <h1 style="color:#fff;margin:0;font-size:18px">Đơn hàng đang được giao</h1>
    <p style="color:rgba(255,255,255,.8);margin:4px 0 0;font-size:13px">Đơn hàng #17</p>
  </div>
  <div style="padding:24px 28px">
    <p style="color:#111827;font-size:15px">Xin chào <strong>saamindiee</strong>,</p>
    <p style="color:#374151;font-size:14px;line-height:1.6">Đơn hàng của bạn đã được bàn giao cho đơn vị vận chuyển.</p>
    <p style="color:#6b7280;font-size:13px;margin-top:24px">Cảm ơn bạn đã tin tưởng mua sắm tại Mộc Trà!</p>
  </div>
  <div style="background:#f9fafb;padding:14px 28px;font-size:12px;color:#9ca3af;border-top:1px solid #f3f4f6">
    © 2025 Mộc Trà Thái Nguyên. Bảo lưu mọi quyền.
  </div>
</div>
</body></html>
--------------------------------------------------------------------------------
[2026-04-26 13:28:16] TO: pn0503982@gmail.com | SUBJECT: Đơn hàng đang được xử lý — Đơn #15
<!DOCTYPE html><html><head><meta charset="UTF-8"></head><body style="font-family:Arial,sans-serif;background:#f9fafb;padding:24px">
<div style="max-width:560px;margin:0 auto;background:#fff;border-radius:12px;overflow:hidden;box-shadow:0 2px 8px rgba(0,0,0,.08)">
  <div style="background:#3b82f6;padding:24px 28px">
    <h1 style="color:#fff;margin:0;font-size:18px">Đơn hàng đang được xử lý</h1>
    <p style="color:rgba(255,255,255,.8);margin:4px 0 0;font-size:13px">Đơn hàng #15</p>
  </div>
  <div style="padding:24px 28px">
    <p style="color:#111827;font-size:15px">Xin chào <strong>saamindiee</strong>,</p>
    <p style="color:#374151;font-size:14px;line-height:1.6">Đơn hàng của bạn đang được chuẩn bị và đóng gói.</p>
    <p style="color:#6b7280;font-size:13px;margin-top:24px">Cảm ơn bạn đã tin tưởng mua sắm tại Mộc Trà!</p>
  </div>
  <div style="background:#f9fafb;padding:14px 28px;font-size:12px;color:#9ca3af;border-top:1px solid #f3f4f6">
    © 2025 Mộc Trà Thái Nguyên. Bảo lưu mọi quyền.
  </div>
</div>
</body></html>
--------------------------------------------------------------------------------
[2026-04-26 13:28:33] TO: pn0503982@gmail.com | SUBJECT: Đơn hàng đang được giao — Đơn #15
<!DOCTYPE html><html><head><meta charset="UTF-8"></head><body style="font-family:Arial,sans-serif;background:#f9fafb;padding:24px">
<div style="max-width:560px;margin:0 auto;background:#fff;border-radius:12px;overflow:hidden;box-shadow:0 2px 8px rgba(0,0,0,.08)">
  <div style="background:#8b5cf6;padding:24px 28px">
    <h1 style="color:#fff;margin:0;font-size:18px">Đơn hàng đang được giao</h1>
    <p style="color:rgba(255,255,255,.8);margin:4px 0 0;font-size:13px">Đơn hàng #15</p>
  </div>
  <div style="padding:24px 28px">
    <p style="color:#111827;font-size:15px">Xin chào <strong>saamindiee</strong>,</p>
    <p style="color:#374151;font-size:14px;line-height:1.6">Đơn hàng của bạn đã được bàn giao cho đơn vị vận chuyển.</p>
    <p style="color:#6b7280;font-size:13px;margin-top:24px">Cảm ơn bạn đã tin tưởng mua sắm tại Mộc Trà!</p>
  </div>
  <div style="background:#f9fafb;padding:14px 28px;font-size:12px;color:#9ca3af;border-top:1px solid #f3f4f6">
    © 2025 Mộc Trà Thái Nguyên. Bảo lưu mọi quyền.
  </div>
</div>
</body></html>
--------------------------------------------------------------------------------
[2026-04-26 13:28:36] TO: pn0503982@gmail.com | SUBJECT: Đơn hàng đã giao thành công — Đơn #15
<!DOCTYPE html><html><head><meta charset="UTF-8"></head><body style="font-family:Arial,sans-serif;background:#f9fafb;padding:24px">
<div style="max-width:560px;margin:0 auto;background:#fff;border-radius:12px;overflow:hidden;box-shadow:0 2px 8px rgba(0,0,0,.08)">
  <div style="background:#10b981;padding:24px 28px">
    <h1 style="color:#fff;margin:0;font-size:18px">Đơn hàng đã giao thành công</h1>
    <p style="color:rgba(255,255,255,.8);margin:4px 0 0;font-size:13px">Đơn hàng #15</p>
  </div>
  <div style="padding:24px 28px">
    <p style="color:#111827;font-size:15px">Xin chào <strong>saamindiee</strong>,</p>
    <p style="color:#374151;font-size:14px;line-height:1.6">Đơn hàng của bạn đã được giao. Cảm ơn bạn đã mua sắm!</p>
    <p style="color:#6b7280;font-size:13px;margin-top:24px">Cảm ơn bạn đã tin tưởng mua sắm tại Mộc Trà!</p>
  </div>
  <div style="background:#f9fafb;padding:14px 28px;font-size:12px;color:#9ca3af;border-top:1px solid #f3f4f6">
    © 2025 Mộc Trà Thái Nguyên. Bảo lưu mọi quyền.
  </div>
</div>
</body></html>
--------------------------------------------------------------------------------
[2026-04-26 13:28:58] TO: pn0503982@gmail.com | SUBJECT: Đơn hàng đã giao thành công — Đơn #17
<!DOCTYPE html><html><head><meta charset="UTF-8"></head><body style="font-family:Arial,sans-serif;background:#f9fafb;padding:24px">
<div style="max-width:560px;margin:0 auto;background:#fff;border-radius:12px;overflow:hidden;box-shadow:0 2px 8px rgba(0,0,0,.08)">
  <div style="background:#10b981;padding:24px 28px">
    <h1 style="color:#fff;margin:0;font-size:18px">Đơn hàng đã giao thành công</h1>
    <p style="color:rgba(255,255,255,.8);margin:4px 0 0;font-size:13px">Đơn hàng #17</p>
  </div>
  <div style="padding:24px 28px">
    <p style="color:#111827;font-size:15px">Xin chào <strong>saamindiee</strong>,</p>
    <p style="color:#374151;font-size:14px;line-height:1.6">Đơn hàng của bạn đã được giao. Cảm ơn bạn đã mua sắm!</p>
    <p style="color:#6b7280;font-size:13px;margin-top:24px">Cảm ơn bạn đã tin tưởng mua sắm tại Mộc Trà!</p>
  </div>
  <div style="background:#f9fafb;padding:14px 28px;font-size:12px;color:#9ca3af;border-top:1px solid #f3f4f6">
    © 2025 Mộc Trà Thái Nguyên. Bảo lưu mọi quyền.
  </div>
</div>
</body></html>
--------------------------------------------------------------------------------
[2026-04-26 18:20:54] TO: pn0503982@gmail.com | SUBJECT: Xác nhận đơn hàng #18 — Mộc Trà
<!DOCTYPE html><html><head><meta charset="UTF-8"></head><body style="font-family:Arial,sans-serif;background:#f9fafb;padding:24px">
<div style="max-width:560px;margin:0 auto;background:#fff;border-radius:12px;overflow:hidden;box-shadow:0 2px 8px rgba(0,0,0,.08)">
  <div style="background:#166534;padding:24px 28px">
    <h1 style="color:#fff;margin:0;font-size:20px">Mộc Trà Thái Nguyên</h1>
    <p style="color:rgba(255,255,255,.8);margin:4px 0 0;font-size:14px">Xác nhận đơn hàng</p>
  </div>
  <div style="padding:24px 28px">
    <p style="color:#111827;font-size:15px">Xin chào <strong>saamindiee</strong>,</p>
    <p style="color:#374151;font-size:14px;line-height:1.6">Đơn hàng <strong>#18</strong> của bạn đã được tiếp nhận thành công. Chúng tôi sẽ xử lý và liên hệ với bạn sớm nhất.</p>
    <table style="width:100%;border-collapse:collapse;margin:16px 0">
      <thead><tr style="background:#f0fdf4">
        <th style="padding:10px 12px;text-align:left;font-size:13px;color:#166534">Sản phẩm</th>
        <th style="padding:10px 12px;text-align:center;font-size:13px;color:#166534">SL</th>
        <th style="padding:10px 12px;text-align:right;font-size:13px;color:#166534">Thành tiền</th>
      </tr></thead>
      <tbody><tr>
            <td style="padding:8px 12px;border-bottom:1px solid #f3f4f6">Trà Xanh Túi Lọc Tiện Lợi</td>
            <td style="padding:8px 12px;border-bottom:1px solid #f3f4f6;text-align:center">7</td>
            <td style="padding:8px 12px;border-bottom:1px solid #f3f4f6;text-align:right">95.000đ</td>
        </tr><tr>
            <td style="padding:8px 12px;border-bottom:1px solid #f3f4f6">Trà Đen Thái Nguyên Premium</td>
            <td style="padding:8px 12px;border-bottom:1px solid #f3f4f6;text-align:center">1</td>
            <td style="padding:8px 12px;border-bottom:1px solid #f3f4f6;text-align:right">150.000đ</td>
        </tr></tbody>
    </table>
    <p style="text-align:right;font-size:16px;font-weight:700;color:#dc2626">Tổng cộng: 815.000đ</p>
    <p style="color:#6b7280;font-size:13px;margin-top:24px">Cảm ơn bạn đã tin tưởng mua sắm tại Mộc Trà!</p>
  </div>
  <div style="background:#f9fafb;padding:14px 28px;font-size:12px;color:#9ca3af;border-top:1px solid #f3f4f6">
    © 2025 Mộc Trà Thái Nguyên. Bảo lưu mọi quyền.
  </div>
</div>
</body></html>
--------------------------------------------------------------------------------
[2026-04-26 18:21:31] TO: pn0503982@gmail.com | SUBJECT: Đơn hàng đang được xử lý — Đơn #18
<!DOCTYPE html><html><head><meta charset="UTF-8"></head><body style="font-family:Arial,sans-serif;background:#f9fafb;padding:24px">
<div style="max-width:560px;margin:0 auto;background:#fff;border-radius:12px;overflow:hidden;box-shadow:0 2px 8px rgba(0,0,0,.08)">
  <div style="background:#3b82f6;padding:24px 28px">
    <h1 style="color:#fff;margin:0;font-size:18px">Đơn hàng đang được xử lý</h1>
    <p style="color:rgba(255,255,255,.8);margin:4px 0 0;font-size:13px">Đơn hàng #18</p>
  </div>
  <div style="padding:24px 28px">
    <p style="color:#111827;font-size:15px">Xin chào <strong>saamindiee</strong>,</p>
    <p style="color:#374151;font-size:14px;line-height:1.6">Đơn hàng của bạn đang được chuẩn bị và đóng gói.</p>
    <p style="color:#6b7280;font-size:13px;margin-top:24px">Cảm ơn bạn đã tin tưởng mua sắm tại Mộc Trà!</p>
  </div>
  <div style="background:#f9fafb;padding:14px 28px;font-size:12px;color:#9ca3af;border-top:1px solid #f3f4f6">
    © 2025 Mộc Trà Thái Nguyên. Bảo lưu mọi quyền.
  </div>
</div>
</body></html>
--------------------------------------------------------------------------------
[2026-04-26 18:21:37] TO: pn0503982@gmail.com | SUBJECT: Đơn hàng đang được giao — Đơn #18
<!DOCTYPE html><html><head><meta charset="UTF-8"></head><body style="font-family:Arial,sans-serif;background:#f9fafb;padding:24px">
<div style="max-width:560px;margin:0 auto;background:#fff;border-radius:12px;overflow:hidden;box-shadow:0 2px 8px rgba(0,0,0,.08)">
  <div style="background:#8b5cf6;padding:24px 28px">
    <h1 style="color:#fff;margin:0;font-size:18px">Đơn hàng đang được giao</h1>
    <p style="color:rgba(255,255,255,.8);margin:4px 0 0;font-size:13px">Đơn hàng #18</p>
  </div>
  <div style="padding:24px 28px">
    <p style="color:#111827;font-size:15px">Xin chào <strong>saamindiee</strong>,</p>
    <p style="color:#374151;font-size:14px;line-height:1.6">Đơn hàng của bạn đã được bàn giao cho đơn vị vận chuyển.</p>
    <p style="color:#6b7280;font-size:13px;margin-top:24px">Cảm ơn bạn đã tin tưởng mua sắm tại Mộc Trà!</p>
  </div>
  <div style="background:#f9fafb;padding:14px 28px;font-size:12px;color:#9ca3af;border-top:1px solid #f3f4f6">
    © 2025 Mộc Trà Thái Nguyên. Bảo lưu mọi quyền.
  </div>
</div>
</body></html>
--------------------------------------------------------------------------------
[2026-04-26 18:21:40] TO: pn0503982@gmail.com | SUBJECT: Đơn hàng đã giao thành công — Đơn #18
<!DOCTYPE html><html><head><meta charset="UTF-8"></head><body style="font-family:Arial,sans-serif;background:#f9fafb;padding:24px">
<div style="max-width:560px;margin:0 auto;background:#fff;border-radius:12px;overflow:hidden;box-shadow:0 2px 8px rgba(0,0,0,.08)">
  <div style="background:#10b981;padding:24px 28px">
    <h1 style="color:#fff;margin:0;font-size:18px">Đơn hàng đã giao thành công</h1>
    <p style="color:rgba(255,255,255,.8);margin:4px 0 0;font-size:13px">Đơn hàng #18</p>
  </div>
  <div style="padding:24px 28px">
    <p style="color:#111827;font-size:15px">Xin chào <strong>saamindiee</strong>,</p>
    <p style="color:#374151;font-size:14px;line-height:1.6">Đơn hàng của bạn đã được giao. Cảm ơn bạn đã mua sắm!</p>
    <p style="color:#6b7280;font-size:13px;margin-top:24px">Cảm ơn bạn đã tin tưởng mua sắm tại Mộc Trà!</p>
  </div>
  <div style="background:#f9fafb;padding:14px 28px;font-size:12px;color:#9ca3af;border-top:1px solid #f3f4f6">
    © 2025 Mộc Trà Thái Nguyên. Bảo lưu mọi quyền.
  </div>
</div>
</body></html>
--------------------------------------------------------------------------------
